// Jest Snapshot v1, https://goo.gl/fbAQLP

exports[`CoursesEditPage Component should match the snapshot 1`] = `
<ForwardRef(WithStyles)
  maxWidth="lg"
>
  <ForwardRef(WithStyles) />
  <UNDEFINED
    collectionDetails={
      Object {
        "collectionPath": "courses",
        "data": Array [],
        "isProgressBar": false,
        "locationHash": "#",
        "title": "New Course",
      }
    }
    courses={
      Object {
        "data": Array [
          Object {
            "id": 1,
            "question": "",
          },
        ],
        "isLoading": false,
      }
    }
    history={
      Object {
        "location": Object {
          "hash": "#",
        },
        "push": [Function],
      }
    }
    itemUrl={[Function]}
    match={
      Object {
        "params": Object {
          "collection": "test-collection",
          "questionId": "1",
        },
      }
    }
    newItem={
      Object {
        "title": "Add a question",
        "url": "",
      }
    }
  />
</ForwardRef(WithStyles)>
`;
