// Jest Snapshot v1, https://goo.gl/fbAQLP

exports[`EmailSignInForm Component should match the snapshot 1`] = `
<EmailSignInForm
  classes={
    Object {
      "card": "EmailSignInForm-card-2",
      "error": "EmailSignInForm-error-6",
      "form": "EmailSignInForm-form-4",
      "main": "EmailSignInForm-main-1",
      "paper": "EmailSignInForm-paper-3",
      "submit": "EmailSignInForm-submit-5",
    }
  }
/>
`;
