// Jest Snapshot v1, https://goo.gl/fbAQLP

exports[`Question Component should match the snapshot 1`] = `
<ForwardRef(WithStyles)
  maxWidth="xl"
>
  <ForwardRef(WithStyles)
    Breadcrumbs={[Function]}
  />
  <QuestionPage
    data={Object {}}
    handleNavigation={[Function]}
    handleOnClick={[Function]}
    isLoading={true}
    match={
      Object {
        "params": Object {
          "collection": "test-collection",
          "questionId": "1",
        },
      }
    }
  />
</ForwardRef(WithStyles)>
`;
