// Jest Snapshot v1, https://goo.gl/fbAQLP

exports[`QuestionsViewPage Component should match the snapshot 1`] = `
<UNDEFINED
  maxWidth="lg"
>
  <UNDEFINED />
  <UNDEFINED
    courseDetails={
      Object {
        "data": Object {},
        "isError": false,
        "isLoading": true,
      }
    }
    handleOnClick={[Function]}
    hasData={0}
    isLoading={true}
    itemOptions={
      Object {
        "doc": "test-collection",
        "firebase": undefined,
        "isItemDisabled": [Function],
        "itemUrl": [Function],
        "match": Object {
          "params": Object {
            "collection": "test-collection",
            "questionId": "1",
          },
        },
        "newItem": Object {
          "title": "Add a question",
          "url": "test-collection/0/isEditMode",
        },
        "userRole": undefined,
      }
    }
    points={0}
    questions={Array []}
  />
</UNDEFINED>
`;
