// Jest Snapshot v1, https://goo.gl/fbAQLP

exports[`CoursesPage Component should match the snapshot 1`] = `
<ForwardRef(WithStyles)
  maxWidth="lg"
>
  <ForwardRef(WithStyles) />
  <ForwardRef(WithStyles)>
    <ForwardRef(WithStyles)
      alignItems="center"
      container={true}
      spacing={4}
    >
      <ForwardRef(Fade)
        in={false}
        mountOnEnter={true}
        timeout={
          Object {
            "enter": 200,
            "exit": 200,
          }
        }
        unmountOnExit={true}
      >
        <ForwardRef(WithStyles)
          item={true}
          lg={4}
          md={4}
          sm={12}
          xs={12}
        >
          <NewItemCard
            type="new"
          />
        </ForwardRef(WithStyles)>
      </ForwardRef(Fade)>
      <ForwardRef(Fade)
        in={true}
        mountOnEnter={true}
        timeout={
          Object {
            "enter": 200,
            "exit": 200,
          }
        }
        unmountOnExit={true}
      >
        <ForwardRef(WithStyles)
          item={true}
          lg={4}
          md={4}
          sm={12}
          xs={12}
        >
          <SignUpCard
            type="signup"
          />
        </ForwardRef(WithStyles)>
      </ForwardRef(Fade)>
      <UNDEFINED />
    </ForwardRef(WithStyles)>
    <ForwardRef(WithStyles) />
  </ForwardRef(WithStyles)>
</ForwardRef(WithStyles)>
`;
