// Jest Snapshot v1, https://goo.gl/fbAQLP

exports[`CodeEditor Component should match the snapshot 1`] = `
<ForwardRef(WithStyles)
  container={true}
  spacing={2}
>
  <LiveProvider
    code=""
    disabled={false}
    language="jsx"
    noInline={false}
  >
    <ForwardRef(WithStyles)
      item={true}
      style={
        Object {
          "width": "100%",
        }
      }
      xs={12}
    >
      <ForwardRef(Grow)
        mountOnEnter={true}
        timeout={
          Object {
            "enter": 600,
            "exit": 600,
          }
        }
        unmountOnExit={true}
      >
        <div>
          <ForwardRef(WithStyles)
            isEditor={true}
          >
            <div>
              <LiveEditor
                className="makeStyles-liveEditor-2"
                onChange={[Function]}
                theme={
                  Object {
                    "plain": Object {
                      "color": "#4D4D4C",
                    },
                    "styles": Array [
                      Object {
                        "style": Object {
                          "color": "hsl(30, 20%, 50%)",
                        },
                        "types": Array [
                          "prolog",
                          "comment",
                          "doctype",
                          "cdata",
                        ],
                      },
                      Object {
                        "style": Object {
                          "color": "#006080",
                        },
                        "types": Array [
                          "property",
                          "tag",
                          "boolean",
                          "number",
                          "constant",
                          "symbol",
                        ],
                      },
                      Object {
                        "style": Object {
                          "color": "#9c005d",
                        },
                        "types": Array [
                          "attr-name",
                          "string",
                          "char",
                          "builtin",
                          "insterted",
                        ],
                      },
                      Object {
                        "style": Object {
                          "color": "#065f00",
                        },
                        "types": Array [
                          "operator",
                          "entity",
                          "url",
                          "string",
                          "variable",
                          "language-css",
                        ],
                      },
                      Object {
                        "style": Object {
                          "color": "rgb(255, 85, 85)",
                        },
                        "types": Array [
                          "deleted",
                        ],
                      },
                      Object {
                        "style": Object {
                          "fontStyle": "italic",
                        },
                        "types": Array [
                          "italic",
                        ],
                      },
                      Object {
                        "style": Object {
                          "fontWeight": "bold",
                        },
                        "types": Array [
                          "important",
                          "bold",
                        ],
                      },
                      Object {
                        "style": Object {
                          "color": "#e90",
                        },
                        "types": Array [
                          "regex",
                          "important",
                        ],
                      },
                      Object {
                        "style": Object {
                          "color": "#006080",
                        },
                        "types": Array [
                          "atrule",
                          "attr-value",
                          "keyword",
                        ],
                      },
                      Object {
                        "style": Object {
                          "color": "black",
                          "opacity": "0.7",
                        },
                        "types": Array [
                          "punctuation",
                          "symbol",
                        ],
                      },
                    ],
                  }
                }
              />
            </div>
          </ForwardRef(WithStyles)>
        </div>
      </ForwardRef(Grow)>
    </ForwardRef(WithStyles)>
    <ForwardRef(WithStyles)
      item={true}
      xs={12}
    >
      <ForwardRef(Grow)
        mountOnEnter={true}
        timeout={
          Object {
            "enter": 400,
          }
        }
        unmountOnExit={true}
      >
        <div>
          <ForwardRef(WithStyles)
            isEditor={false}
          />
        </div>
      </ForwardRef(Grow)>
    </ForwardRef(WithStyles)>
  </LiveProvider>
</ForwardRef(WithStyles)>
`;
