// Jest Snapshot v1, https://goo.gl/fbAQLP

exports[`Playground Component should match the snapshot 1`] = `
<React.Fragment>
  <CodeEditor
    codeAnswer="Write Question Here"
    codeLanguage="jsx"
    codeQuestion="() => {
      return (
        <section>
          <h1>I love React 💙</h1>
        </section>
      );
    };"
    handleOnChange={[Function]}
    isConsole={true}
    isEditMode={true}
    isPlayground={true}
    md={12}
    sm={12}
  />
</React.Fragment>
`;
